// Jest Snapshot v1, https://goo.gl/fbAQLP

exports[`Cell should render 1`] = `
<div
  className="calendar-cell other"
  data-cell-index={1}
  data-cell-status="none"
  id="MAR-1"
/>
`;
